// Jest Snapshot v1, https://goo.gl/fbAQLP

exports[`PageTitle.vue matches snapshot 1`] = `
<header
  class="ds-page-title"
>
  <ds-container>
    <ds-heading>
      
      
    
    </ds-heading>
     
  </ds-container>
</header>
`;
